// Jest Snapshot v1, https://goo.gl/fbAQLP

exports[`octane-migration-status-task-result console output output to console 1`] = `
"=== sdsds

JS Error Count: 0

"
`;
